getModsPerStmt
| input/async-await-clean/test.js:1:1:1:13 | const a = 10; | a |
| input/async-await-clean/test.js:2:1:2:10 | let z = 0; | z |
| input/async-await-clean/test.js:9:5:9:20 | z = await id(x); | z |
| input/async-await-clean/test.js:12:1:12:13 | assignToZ(5); | z |
| input/async-await-tainted/test.js:1:1:1:13 | const a = 10; | a |
| input/async-await-tainted/test.js:2:1:2:10 | var z = 0; | z |
| input/async-await-tainted/test.js:9:5:9:20 | z = await id(x); | z |
| input/async-await-tainted/test.js:12:1:12:13 | assignToZ(a); | z |
| input/async-then-clean/test.js:1:1:1:12 | const a = 3; | a |
| input/async-then-clean/test.js:8:5:8:16 | const z = v; | z |
| input/async-then-tainted/test.js:1:1:1:12 | const a = 3; | a |
getAccsPerStmt
| input/async-await-clean/test.js:5:5:5:13 | return x; | x |
| input/async-await-clean/test.js:9:5:9:20 | z = await id(x); | id |
| input/async-await-clean/test.js:9:5:9:20 | z = await id(x); | x |
| input/async-await-clean/test.js:9:5:9:20 | z = await id(x); | z |
| input/async-await-clean/test.js:12:1:12:13 | assignToZ(5); | assignToZ |
| input/async-await-clean/test.js:12:1:12:13 | assignToZ(5); | id |
| input/async-await-clean/test.js:12:1:12:13 | assignToZ(5); | z |
| input/async-await-tainted/test.js:5:5:5:13 | return x; | x |
| input/async-await-tainted/test.js:9:5:9:20 | z = await id(x); | id |
| input/async-await-tainted/test.js:9:5:9:20 | z = await id(x); | x |
| input/async-await-tainted/test.js:9:5:9:20 | z = await id(x); | z |
| input/async-await-tainted/test.js:12:1:12:13 | assignToZ(a); | a |
| input/async-await-tainted/test.js:12:1:12:13 | assignToZ(a); | assignToZ |
| input/async-await-tainted/test.js:12:1:12:13 | assignToZ(a); | id |
| input/async-await-tainted/test.js:12:1:12:13 | assignToZ(a); | z |
| input/async-then-clean/test.js:4:5:4:13 | return x; | x |
| input/async-then-clean/test.js:7:1:10:2 | identit ... (z);\\n}) | identity |
| input/async-then-clean/test.js:8:5:8:16 | const z = v; | v |
| input/async-then-clean/test.js:9:5:9:19 | console.log(z); | console |
| input/async-then-clean/test.js:9:5:9:19 | console.log(z); | console.log |
| input/async-then-clean/test.js:9:5:9:19 | console.log(z); | z |
| input/async-then-tainted/test.js:4:5:4:13 | return x; | x |
| input/async-then-tainted/test.js:7:1:9:2 | identit ... = v;\\n}) | a |
| input/async-then-tainted/test.js:7:1:9:2 | identit ... = v;\\n}) | identity |
| input/async-then-tainted/test.js:8:5:8:16 | const z = v; | v |
